// Jest Snapshot v1, https://goo.gl/fbAQLP

exports[`matches the current snapshot 1`] = `
<styled.section>
  <p>
    Level Manager goes here
  </p>
</styled.section>
`;
