// Jest Snapshot v1, https://goo.gl/fbAQLP

exports[`The level preview Matches the current snapshot 1`] = `
<styled.div
  className="level-preview"
>
  <styled.div>
    <styled.div
      className="preview-tile"
      key="0"
    >
      <Tile
        tileId={0}
      />
    </styled.div>
    <styled.div
      className="preview-tile"
      key="1"
    >
      <Tile
        tileId={0}
      />
    </styled.div>
    <styled.div
      className="preview-tile"
      key="2"
    >
      <Tile
        tileId={0}
      />
    </styled.div>
    <styled.div
      className="preview-tile"
      key="3"
    >
      <Tile
        tileId={0}
      />
    </styled.div>
    <styled.div
      className="preview-tile"
      key="4"
    >
      <Tile
        tileId={0}
      />
    </styled.div>
    <styled.div
      className="preview-tile"
      key="5"
    >
      <Tile
        tileId={0}
      />
    </styled.div>
    <styled.div
      className="preview-tile"
      key="6"
    >
      <Tile
        tileId={0}
      />
    </styled.div>
    <styled.div
      className="preview-tile"
      key="7"
    >
      <Tile
        tileId={0}
      />
    </styled.div>
    <styled.div
      className="preview-tile"
      key="8"
    >
      <Tile
        tileId={0}
      />
    </styled.div>
    <styled.div
      className="preview-tile"
      key="9"
    >
      <Tile
        tileId={0}
      />
    </styled.div>
    <styled.div
      className="preview-tile"
      key="10"
    >
      <Tile
        tileId={0}
      />
    </styled.div>
    <styled.div
      className="preview-tile"
      key="11"
    >
      <Tile
        tileId={0}
      />
    </styled.div>
    <styled.div
      className="preview-tile"
      key="12"
    >
      <Tile
        tileId={0}
      />
    </styled.div>
    <styled.div
      className="preview-tile"
      key="13"
    >
      <Tile
        tileId={0}
      />
    </styled.div>
    <styled.div
      className="preview-tile"
      key="14"
    >
      <Tile
        tileId={0}
      />
    </styled.div>
    <styled.div
      className="preview-tile"
      key="15"
    >
      <Tile
        tileId={0}
      />
    </styled.div>
    <styled.div
      className="preview-tile"
      key="16"
    >
      <Tile
        tileId={0}
      />
    </styled.div>
    <styled.div
      className="preview-tile"
      key="17"
    >
      <Tile
        tileId={0}
      />
    </styled.div>
    <styled.div
      className="preview-tile"
      key="18"
    >
      <Tile
        tileId={0}
      />
    </styled.div>
    <styled.div
      className="preview-tile"
      key="19"
    >
      <Tile
        tileId={0}
      />
    </styled.div>
    <styled.div
      className="preview-tile"
      key="20"
    >
      <Tile
        tileId={0}
      />
    </styled.div>
    <styled.div
      className="preview-tile"
      key="21"
    >
      <Tile
        tileId={0}
      />
    </styled.div>
    <styled.div
      className="preview-tile"
      key="22"
    >
      <Tile
        tileId={0}
      />
    </styled.div>
    <styled.div
      className="preview-tile"
      key="23"
    >
      <Tile
        tileId={1}
      />
    </styled.div>
    <styled.div
      className="preview-tile"
      key="24"
    >
      <Tile
        tileId={0}
      />
    </styled.div>
    <styled.div
      className="preview-tile"
      key="25"
    >
      <Tile
        tileId={0}
      />
    </styled.div>
    <styled.div
      className="preview-tile"
      key="26"
    >
      <Tile
        tileId={0}
      />
    </styled.div>
    <styled.div
      className="preview-tile"
      key="27"
    >
      <Tile
        tileId={0}
      />
    </styled.div>
    <styled.div
      className="preview-tile"
      key="28"
    >
      <Tile
        tileId={0}
      />
    </styled.div>
    <styled.div
      className="preview-tile"
      key="29"
    >
      <Tile
        tileId={0}
      />
    </styled.div>
    <styled.div
      className="preview-tile"
      key="30"
    >
      <Tile
        tileId={0}
      />
    </styled.div>
    <styled.div
      className="preview-tile"
      key="31"
    >
      <Tile
        tileId={0}
      />
    </styled.div>
    <styled.div
      className="preview-tile"
      key="32"
    >
      <Tile
        tileId={1}
      />
    </styled.div>
    <styled.div
      className="preview-tile"
      key="33"
    >
      <Tile
        tileId={1}
      />
    </styled.div>
    <styled.div
      className="preview-tile"
      key="34"
    >
      <Tile
        tileId={1}
      />
    </styled.div>
    <styled.div
      className="preview-tile"
      key="35"
    >
      <Tile
        tileId={1}
      />
    </styled.div>
    <styled.div
      className="preview-tile"
      key="36"
    >
      <Tile
        tileId={1}
      />
    </styled.div>
    <styled.div
      className="preview-tile"
      key="37"
    >
      <Tile
        tileId={1}
      />
    </styled.div>
    <styled.div
      className="preview-tile"
      key="38"
    >
      <Tile
        tileId={0}
      />
    </styled.div>
    <styled.div
      className="preview-tile"
      key="39"
    >
      <Tile
        tileId={0}
      />
    </styled.div>
    <styled.div
      className="preview-tile"
      key="40"
    >
      <Tile
        tileId={0}
      />
    </styled.div>
    <styled.div
      className="preview-tile"
      key="41"
    >
      <Tile
        tileId={0}
      />
    </styled.div>
    <styled.div
      className="preview-tile"
      key="42"
    >
      <Tile
        tileId={1}
      />
    </styled.div>
    <styled.div
      className="preview-tile"
      key="43"
    >
      <Tile
        tileId={1}
      />
    </styled.div>
    <styled.div
      className="preview-tile"
      key="44"
    >
      <Tile
        tileId={1}
      />
    </styled.div>
    <styled.div
      className="preview-tile"
      key="45"
    >
      <Tile
        tileId={1}
      />
    </styled.div>
    <styled.div
      className="preview-tile"
      key="46"
    >
      <Tile
        tileId={1}
      />
    </styled.div>
    <styled.div
      className="preview-tile"
      key="47"
    >
      <Tile
        tileId={1}
      />
    </styled.div>
    <styled.div
      className="preview-tile"
      key="48"
    >
      <Tile
        tileId={2}
      />
    </styled.div>
    <styled.div
      className="preview-tile"
      key="49"
    >
      <Tile
        tileId={0}
      />
    </styled.div>
    <styled.div
      className="preview-tile"
      key="50"
    >
      <Tile
        tileId={0}
      />
    </styled.div>
    <styled.div
      className="preview-tile"
      key="51"
    >
      <Tile
        tileId={0}
      />
    </styled.div>
    <styled.div
      className="preview-tile"
      key="52"
    >
      <Tile
        tileId={1}
      />
    </styled.div>
    <styled.div
      className="preview-tile"
      key="53"
    >
      <Tile
        tileId={1}
      />
    </styled.div>
    <styled.div
      className="preview-tile"
      key="54"
    >
      <Tile
        tileId={1}
      />
    </styled.div>
    <styled.div
      className="preview-tile"
      key="55"
    >
      <Tile
        tileId={1}
      />
    </styled.div>
    <styled.div
      className="preview-tile"
      key="56"
    >
      <Tile
        tileId={1}
      />
    </styled.div>
    <styled.div
      className="preview-tile"
      key="57"
    >
      <Tile
        tileId={0}
      />
    </styled.div>
    <styled.div
      className="preview-tile"
      key="58"
    >
      <Tile
        tileId={0}
      />
    </styled.div>
    <styled.div
      className="preview-tile"
      key="59"
    >
      <Tile
        tileId={0}
      />
    </styled.div>
    <styled.div
      className="preview-tile"
      key="60"
    >
      <Tile
        tileId={0}
      />
    </styled.div>
    <styled.div
      className="preview-tile"
      key="61"
    >
      <Tile
        tileId={0}
      />
    </styled.div>
    <styled.div
      className="preview-tile"
      key="62"
    >
      <Tile
        tileId={1}
      />
    </styled.div>
    <styled.div
      className="preview-tile"
      key="63"
    >
      <Tile
        tileId={1}
      />
    </styled.div>
    <styled.div
      className="preview-tile"
      key="64"
    >
      <Tile
        tileId={1}
      />
    </styled.div>
    <styled.div
      className="preview-tile"
      key="65"
    >
      <Tile
        tileId={1}
      />
    </styled.div>
    <styled.div
      className="preview-tile"
      key="66"
    >
      <Tile
        tileId={0}
      />
    </styled.div>
    <styled.div
      className="preview-tile"
      key="67"
    >
      <Tile
        tileId={0}
      />
    </styled.div>
    <styled.div
      className="preview-tile"
      key="68"
    >
      <Tile
        tileId={0}
      />
    </styled.div>
    <styled.div
      className="preview-tile"
      key="69"
    >
      <Tile
        tileId={0}
      />
    </styled.div>
    <styled.div
      className="preview-tile"
      key="70"
    >
      <Tile
        tileId={0}
      />
    </styled.div>
    <styled.div
      className="preview-tile"
      key="71"
    >
      <Tile
        tileId={0}
      />
    </styled.div>
    <styled.div
      className="preview-tile"
      key="72"
    >
      <Tile
        tileId={0}
      />
    </styled.div>
    <styled.div
      className="preview-tile"
      key="73"
    >
      <Tile
        tileId={0}
      />
    </styled.div>
    <styled.div
      className="preview-tile"
      key="74"
    >
      <Tile
        tileId={0}
      />
    </styled.div>
    <styled.div
      className="preview-tile"
      key="75"
    >
      <Tile
        tileId={0}
      />
    </styled.div>
    <styled.div
      className="preview-tile"
      key="76"
    >
      <Tile
        tileId={0}
      />
    </styled.div>
    <styled.div
      className="preview-tile"
      key="77"
    >
      <Tile
        tileId={0}
      />
    </styled.div>
    <styled.div
      className="preview-tile"
      key="78"
    >
      <Tile
        tileId={0}
      />
    </styled.div>
    <styled.div
      className="preview-tile"
      key="79"
    >
      <Tile
        tileId={0}
      />
    </styled.div>
    <styled.div
      className="preview-tile"
      key="80"
    >
      <Tile
        tileId={0}
      />
    </styled.div>
    <styled.div
      className="preview-tile"
      key="81"
    >
      <Tile
        tileId={0}
      />
    </styled.div>
    <styled.div
      className="preview-tile"
      key="82"
    >
      <Tile
        tileId={0}
      />
    </styled.div>
    <styled.div
      className="preview-tile"
      key="83"
    >
      <Tile
        tileId={0}
      />
    </styled.div>
    <styled.div
      className="preview-tile"
      key="84"
    >
      <Tile
        tileId={0}
      />
    </styled.div>
    <styled.div
      className="preview-tile"
      key="85"
    >
      <Tile
        tileId={0}
      />
    </styled.div>
    <styled.div
      className="preview-tile"
      key="86"
    >
      <Tile
        tileId={0}
      />
    </styled.div>
    <styled.div
      className="preview-tile"
      key="87"
    >
      <Tile
        tileId={0}
      />
    </styled.div>
    <styled.div
      className="preview-tile"
      key="88"
    >
      <Tile
        tileId={0}
      />
    </styled.div>
    <styled.div
      className="preview-tile"
      key="89"
    >
      <Tile
        tileId={0}
      />
    </styled.div>
    <styled.div
      className="preview-tile"
      key="90"
    >
      <Tile
        tileId={0}
      />
    </styled.div>
    <styled.div
      className="preview-tile"
      key="91"
    >
      <Tile
        tileId={0}
      />
    </styled.div>
    <styled.div
      className="preview-tile"
      key="92"
    >
      <Tile
        tileId={0}
      />
    </styled.div>
    <styled.div
      className="preview-tile"
      key="93"
    >
      <Tile
        tileId={0}
      />
    </styled.div>
    <styled.div
      className="preview-tile"
      key="94"
    >
      <Tile
        tileId={0}
      />
    </styled.div>
    <styled.div
      className="preview-tile"
      key="95"
    >
      <Tile
        tileId={0}
      />
    </styled.div>
    <styled.div
      className="preview-tile"
      key="96"
    >
      <Tile
        tileId={0}
      />
    </styled.div>
    <styled.div
      className="preview-tile"
      key="97"
    >
      <Tile
        tileId={0}
      />
    </styled.div>
    <styled.div
      className="preview-tile"
      key="98"
    >
      <Tile
        tileId={0}
      />
    </styled.div>
    <styled.div
      className="preview-tile"
      key="99"
    >
      <Tile
        tileId={0}
      />
    </styled.div>
  </styled.div>
</styled.div>
`;
