// Jest Snapshot v1, https://goo.gl/fbAQLP

exports[`The loading screen Matches the current snapshot 1`] = `
<styled.div>
  <LoadingIcon
    fillColor="white"
    size={40}
    speed={1}
  />
</styled.div>
`;
