// Jest Snapshot v1, https://goo.gl/fbAQLP

exports[`The tile selector Matches the current snapshot 1`] = `
<styled.div
  id="level-preview"
>
  <styled.div>
    <Connect(Component) />
  </styled.div>
</styled.div>
`;
