// Jest Snapshot v1, https://goo.gl/fbAQLP

exports[`<ColorChangerTile /> Matches the current snapshot 1`] = `
<styled.div
  color="#ff0000"
  entityId="BLOCK"
/>
`;
