// Jest Snapshot v1, https://goo.gl/fbAQLP

exports[`<GlassTile /> Matches the current snapshot 1`] = `<styled.div />`;
