// Jest Snapshot v1, https://goo.gl/fbAQLP

exports[`<MissingTile /> Matches the current snapshot 1`] = `<styled.div />`;
