// Jest Snapshot v1, https://goo.gl/fbAQLP

exports[`<RainbowTile /> Matches the current snapshot 1`] = `<styled.div />`;
