// Jest Snapshot v1, https://goo.gl/fbAQLP

exports[`matches the current snapshot 1`] = `
<styled.div>
  <Grid />
  <TileSelector />
</styled.div>
`;
