// Jest Snapshot v1, https://goo.gl/fbAQLP

exports[`The tile selector Matches the current snapshot 1`] = `
<styled.div
  id="level-preview"
>
  <styled.div>
    <p>
      This is a preview
    </p>
  </styled.div>
</styled.div>
`;
