// Jest Snapshot v1, https://goo.gl/fbAQLP

exports[`Loading icon Matches the current snapshot 1`] = `
<styled.div>
  Loading goes here
</styled.div>
`;
