// Jest Snapshot v1, https://goo.gl/fbAQLP

exports[`<LevelEditor /> Matches the current snapshot 1`] = `
<styled.div
  id="editor-grid"
>
  <styled.div>
    <styled.div
      className="tile"
      key="0"
      onClick={[Function]}
      onMouseDown={[Function]}
      onMouseMove={[Function]}
    >
      <Connect(Component)
        tileId="1"
      />
    </styled.div>
    <styled.div
      className="tile"
      key="1"
      onClick={[Function]}
      onMouseDown={[Function]}
      onMouseMove={[Function]}
    >
      <Connect(Component)
        tileId="1"
      />
    </styled.div>
    <styled.div
      className="tile"
      key="2"
      onClick={[Function]}
      onMouseDown={[Function]}
      onMouseMove={[Function]}
    >
      <Connect(Component)
        tileId="1"
      />
    </styled.div>
    <styled.div
      className="tile"
      key="3"
      onClick={[Function]}
      onMouseDown={[Function]}
      onMouseMove={[Function]}
    >
      <Connect(Component)
        tileId="1"
      />
    </styled.div>
    <styled.div
      className="tile"
      key="4"
      onClick={[Function]}
      onMouseDown={[Function]}
      onMouseMove={[Function]}
    >
      <Connect(Component)
        tileId="1"
      />
    </styled.div>
    <styled.div
      className="tile"
      key="5"
      onClick={[Function]}
      onMouseDown={[Function]}
      onMouseMove={[Function]}
    >
      <Connect(Component)
        tileId="1"
      />
    </styled.div>
    <styled.div
      className="tile"
      key="6"
      onClick={[Function]}
      onMouseDown={[Function]}
      onMouseMove={[Function]}
    >
      <Connect(Component)
        tileId="1"
      />
    </styled.div>
    <styled.div
      className="tile"
      key="7"
      onClick={[Function]}
      onMouseDown={[Function]}
      onMouseMove={[Function]}
    >
      <Connect(Component)
        tileId="1"
      />
    </styled.div>
    <styled.div
      className="tile"
      key="8"
      onClick={[Function]}
      onMouseDown={[Function]}
      onMouseMove={[Function]}
    >
      <Connect(Component)
        tileId="1"
      />
    </styled.div>
    <styled.div
      className="tile"
      key="9"
      onClick={[Function]}
      onMouseDown={[Function]}
      onMouseMove={[Function]}
    >
      <Connect(Component)
        tileId="1"
      />
    </styled.div>
    <styled.div
      className="tile"
      key="10"
      onClick={[Function]}
      onMouseDown={[Function]}
      onMouseMove={[Function]}
    >
      <Connect(Component)
        tileId="1"
      />
    </styled.div>
    <styled.div
      className="tile"
      key="11"
      onClick={[Function]}
      onMouseDown={[Function]}
      onMouseMove={[Function]}
    >
      <Connect(Component)
        tileId="1"
      />
    </styled.div>
    <styled.div
      className="tile"
      key="12"
      onClick={[Function]}
      onMouseDown={[Function]}
      onMouseMove={[Function]}
    >
      <Connect(Component)
        tileId="1"
      />
    </styled.div>
    <styled.div
      className="tile"
      key="13"
      onClick={[Function]}
      onMouseDown={[Function]}
      onMouseMove={[Function]}
    >
      <Connect(Component)
        tileId="1"
      />
    </styled.div>
    <styled.div
      className="tile"
      key="14"
      onClick={[Function]}
      onMouseDown={[Function]}
      onMouseMove={[Function]}
    >
      <Connect(Component)
        tileId="1"
      />
    </styled.div>
    <styled.div
      className="tile"
      key="15"
      onClick={[Function]}
      onMouseDown={[Function]}
      onMouseMove={[Function]}
    >
      <Connect(Component)
        tileId="1"
      />
    </styled.div>
    <styled.div
      className="tile"
      key="16"
      onClick={[Function]}
      onMouseDown={[Function]}
      onMouseMove={[Function]}
    >
      <Connect(Component)
        tileId="1"
      />
    </styled.div>
    <styled.div
      className="tile"
      key="17"
      onClick={[Function]}
      onMouseDown={[Function]}
      onMouseMove={[Function]}
    >
      <Connect(Component)
        tileId="1"
      />
    </styled.div>
    <styled.div
      className="tile"
      key="18"
      onClick={[Function]}
      onMouseDown={[Function]}
      onMouseMove={[Function]}
    >
      <Connect(Component)
        tileId="1"
      />
    </styled.div>
    <styled.div
      className="tile"
      key="19"
      onClick={[Function]}
      onMouseDown={[Function]}
      onMouseMove={[Function]}
    >
      <Connect(Component)
        tileId="1"
      />
    </styled.div>
    <styled.div
      className="tile"
      key="20"
      onClick={[Function]}
      onMouseDown={[Function]}
      onMouseMove={[Function]}
    >
      <Connect(Component)
        tileId="1"
      />
    </styled.div>
    <styled.div
      className="tile"
      key="21"
      onClick={[Function]}
      onMouseDown={[Function]}
      onMouseMove={[Function]}
    >
      <Connect(Component)
        tileId="1"
      />
    </styled.div>
    <styled.div
      className="tile"
      key="22"
      onClick={[Function]}
      onMouseDown={[Function]}
      onMouseMove={[Function]}
    >
      <Connect(Component)
        tileId="1"
      />
    </styled.div>
    <styled.div
      className="tile"
      key="23"
      onClick={[Function]}
      onMouseDown={[Function]}
      onMouseMove={[Function]}
    >
      <Connect(Component)
        tileId="1"
      />
    </styled.div>
    <styled.div
      className="tile"
      key="24"
      onClick={[Function]}
      onMouseDown={[Function]}
      onMouseMove={[Function]}
    >
      <Connect(Component)
        tileId="1"
      />
    </styled.div>
    <styled.div
      className="tile"
      key="25"
      onClick={[Function]}
      onMouseDown={[Function]}
      onMouseMove={[Function]}
    >
      <Connect(Component)
        tileId="1"
      />
    </styled.div>
    <styled.div
      className="tile"
      key="26"
      onClick={[Function]}
      onMouseDown={[Function]}
      onMouseMove={[Function]}
    >
      <Connect(Component)
        tileId="1"
      />
    </styled.div>
    <styled.div
      className="tile"
      key="27"
      onClick={[Function]}
      onMouseDown={[Function]}
      onMouseMove={[Function]}
    >
      <Connect(Component)
        tileId="1"
      />
    </styled.div>
    <styled.div
      className="tile"
      key="28"
      onClick={[Function]}
      onMouseDown={[Function]}
      onMouseMove={[Function]}
    >
      <Connect(Component)
        tileId="1"
      />
    </styled.div>
    <styled.div
      className="tile"
      key="29"
      onClick={[Function]}
      onMouseDown={[Function]}
      onMouseMove={[Function]}
    >
      <Connect(Component)
        tileId="1"
      />
    </styled.div>
    <styled.div
      className="tile"
      key="30"
      onClick={[Function]}
      onMouseDown={[Function]}
      onMouseMove={[Function]}
    >
      <Connect(Component)
        tileId="1"
      />
    </styled.div>
    <styled.div
      className="tile"
      key="31"
      onClick={[Function]}
      onMouseDown={[Function]}
      onMouseMove={[Function]}
    >
      <Connect(Component)
        tileId="1"
      />
    </styled.div>
    <styled.div
      className="tile"
      key="32"
      onClick={[Function]}
      onMouseDown={[Function]}
      onMouseMove={[Function]}
    >
      <Connect(Component)
        tileId="1"
      />
    </styled.div>
    <styled.div
      className="tile"
      key="33"
      onClick={[Function]}
      onMouseDown={[Function]}
      onMouseMove={[Function]}
    >
      <Connect(Component)
        tileId="1"
      />
    </styled.div>
    <styled.div
      className="tile"
      key="34"
      onClick={[Function]}
      onMouseDown={[Function]}
      onMouseMove={[Function]}
    >
      <Connect(Component)
        tileId="1"
      />
    </styled.div>
    <styled.div
      className="tile"
      key="35"
      onClick={[Function]}
      onMouseDown={[Function]}
      onMouseMove={[Function]}
    >
      <Connect(Component)
        tileId="1"
      />
    </styled.div>
    <styled.div
      className="tile"
      key="36"
      onClick={[Function]}
      onMouseDown={[Function]}
      onMouseMove={[Function]}
    >
      <Connect(Component)
        tileId="1"
      />
    </styled.div>
    <styled.div
      className="tile"
      key="37"
      onClick={[Function]}
      onMouseDown={[Function]}
      onMouseMove={[Function]}
    >
      <Connect(Component)
        tileId="1"
      />
    </styled.div>
    <styled.div
      className="tile"
      key="38"
      onClick={[Function]}
      onMouseDown={[Function]}
      onMouseMove={[Function]}
    >
      <Connect(Component)
        tileId="1"
      />
    </styled.div>
    <styled.div
      className="tile"
      key="39"
      onClick={[Function]}
      onMouseDown={[Function]}
      onMouseMove={[Function]}
    >
      <Connect(Component)
        tileId="1"
      />
    </styled.div>
    <styled.div
      className="tile"
      key="40"
      onClick={[Function]}
      onMouseDown={[Function]}
      onMouseMove={[Function]}
    >
      <Connect(Component)
        tileId="1"
      />
    </styled.div>
    <styled.div
      className="tile"
      key="41"
      onClick={[Function]}
      onMouseDown={[Function]}
      onMouseMove={[Function]}
    >
      <Connect(Component)
        tileId="1"
      />
    </styled.div>
    <styled.div
      className="tile"
      key="42"
      onClick={[Function]}
      onMouseDown={[Function]}
      onMouseMove={[Function]}
    >
      <Connect(Component)
        tileId="1"
      />
    </styled.div>
    <styled.div
      className="tile"
      key="43"
      onClick={[Function]}
      onMouseDown={[Function]}
      onMouseMove={[Function]}
    >
      <Connect(Component)
        tileId="1"
      />
    </styled.div>
    <styled.div
      className="tile"
      key="44"
      onClick={[Function]}
      onMouseDown={[Function]}
      onMouseMove={[Function]}
    >
      <Connect(Component)
        tileId="1"
      />
    </styled.div>
    <styled.div
      className="tile"
      key="45"
      onClick={[Function]}
      onMouseDown={[Function]}
      onMouseMove={[Function]}
    >
      <Connect(Component)
        tileId="1"
      />
    </styled.div>
    <styled.div
      className="tile"
      key="46"
      onClick={[Function]}
      onMouseDown={[Function]}
      onMouseMove={[Function]}
    >
      <Connect(Component)
        tileId="1"
      />
    </styled.div>
    <styled.div
      className="tile"
      key="47"
      onClick={[Function]}
      onMouseDown={[Function]}
      onMouseMove={[Function]}
    >
      <Connect(Component)
        tileId="1"
      />
    </styled.div>
    <styled.div
      className="tile"
      key="48"
      onClick={[Function]}
      onMouseDown={[Function]}
      onMouseMove={[Function]}
    >
      <Connect(Component)
        tileId="1"
      />
    </styled.div>
    <styled.div
      className="tile"
      key="49"
      onClick={[Function]}
      onMouseDown={[Function]}
      onMouseMove={[Function]}
    >
      <Connect(Component)
        tileId="1"
      />
    </styled.div>
    <styled.div
      className="tile"
      key="50"
      onClick={[Function]}
      onMouseDown={[Function]}
      onMouseMove={[Function]}
    >
      <Connect(Component)
        tileId="1"
      />
    </styled.div>
    <styled.div
      className="tile"
      key="51"
      onClick={[Function]}
      onMouseDown={[Function]}
      onMouseMove={[Function]}
    >
      <Connect(Component)
        tileId="1"
      />
    </styled.div>
    <styled.div
      className="tile"
      key="52"
      onClick={[Function]}
      onMouseDown={[Function]}
      onMouseMove={[Function]}
    >
      <Connect(Component)
        tileId="1"
      />
    </styled.div>
    <styled.div
      className="tile"
      key="53"
      onClick={[Function]}
      onMouseDown={[Function]}
      onMouseMove={[Function]}
    >
      <Connect(Component)
        tileId="1"
      />
    </styled.div>
    <styled.div
      className="tile"
      key="54"
      onClick={[Function]}
      onMouseDown={[Function]}
      onMouseMove={[Function]}
    >
      <Connect(Component)
        tileId="1"
      />
    </styled.div>
    <styled.div
      className="tile"
      key="55"
      onClick={[Function]}
      onMouseDown={[Function]}
      onMouseMove={[Function]}
    >
      <Connect(Component)
        tileId="1"
      />
    </styled.div>
    <styled.div
      className="tile"
      key="56"
      onClick={[Function]}
      onMouseDown={[Function]}
      onMouseMove={[Function]}
    >
      <Connect(Component)
        tileId="1"
      />
    </styled.div>
    <styled.div
      className="tile"
      key="57"
      onClick={[Function]}
      onMouseDown={[Function]}
      onMouseMove={[Function]}
    >
      <Connect(Component)
        tileId="1"
      />
    </styled.div>
    <styled.div
      className="tile"
      key="58"
      onClick={[Function]}
      onMouseDown={[Function]}
      onMouseMove={[Function]}
    >
      <Connect(Component)
        tileId="1"
      />
    </styled.div>
    <styled.div
      className="tile"
      key="59"
      onClick={[Function]}
      onMouseDown={[Function]}
      onMouseMove={[Function]}
    >
      <Connect(Component)
        tileId="1"
      />
    </styled.div>
    <styled.div
      className="tile"
      key="60"
      onClick={[Function]}
      onMouseDown={[Function]}
      onMouseMove={[Function]}
    >
      <Connect(Component)
        tileId="1"
      />
    </styled.div>
    <styled.div
      className="tile"
      key="61"
      onClick={[Function]}
      onMouseDown={[Function]}
      onMouseMove={[Function]}
    >
      <Connect(Component)
        tileId="1"
      />
    </styled.div>
    <styled.div
      className="tile"
      key="62"
      onClick={[Function]}
      onMouseDown={[Function]}
      onMouseMove={[Function]}
    >
      <Connect(Component)
        tileId="1"
      />
    </styled.div>
    <styled.div
      className="tile"
      key="63"
      onClick={[Function]}
      onMouseDown={[Function]}
      onMouseMove={[Function]}
    >
      <Connect(Component)
        tileId="1"
      />
    </styled.div>
    <styled.div
      className="tile"
      key="64"
      onClick={[Function]}
      onMouseDown={[Function]}
      onMouseMove={[Function]}
    >
      <Connect(Component)
        tileId="1"
      />
    </styled.div>
    <styled.div
      className="tile"
      key="65"
      onClick={[Function]}
      onMouseDown={[Function]}
      onMouseMove={[Function]}
    >
      <Connect(Component)
        tileId="1"
      />
    </styled.div>
    <styled.div
      className="tile"
      key="66"
      onClick={[Function]}
      onMouseDown={[Function]}
      onMouseMove={[Function]}
    >
      <Connect(Component)
        tileId="1"
      />
    </styled.div>
    <styled.div
      className="tile"
      key="67"
      onClick={[Function]}
      onMouseDown={[Function]}
      onMouseMove={[Function]}
    >
      <Connect(Component)
        tileId="1"
      />
    </styled.div>
    <styled.div
      className="tile"
      key="68"
      onClick={[Function]}
      onMouseDown={[Function]}
      onMouseMove={[Function]}
    >
      <Connect(Component)
        tileId="1"
      />
    </styled.div>
    <styled.div
      className="tile"
      key="69"
      onClick={[Function]}
      onMouseDown={[Function]}
      onMouseMove={[Function]}
    >
      <Connect(Component)
        tileId="1"
      />
    </styled.div>
    <styled.div
      className="tile"
      key="70"
      onClick={[Function]}
      onMouseDown={[Function]}
      onMouseMove={[Function]}
    >
      <Connect(Component)
        tileId="1"
      />
    </styled.div>
    <styled.div
      className="tile"
      key="71"
      onClick={[Function]}
      onMouseDown={[Function]}
      onMouseMove={[Function]}
    >
      <Connect(Component)
        tileId="1"
      />
    </styled.div>
    <styled.div
      className="tile"
      key="72"
      onClick={[Function]}
      onMouseDown={[Function]}
      onMouseMove={[Function]}
    >
      <Connect(Component)
        tileId="1"
      />
    </styled.div>
    <styled.div
      className="tile"
      key="73"
      onClick={[Function]}
      onMouseDown={[Function]}
      onMouseMove={[Function]}
    >
      <Connect(Component)
        tileId="1"
      />
    </styled.div>
    <styled.div
      className="tile"
      key="74"
      onClick={[Function]}
      onMouseDown={[Function]}
      onMouseMove={[Function]}
    >
      <Connect(Component)
        tileId="1"
      />
    </styled.div>
    <styled.div
      className="tile"
      key="75"
      onClick={[Function]}
      onMouseDown={[Function]}
      onMouseMove={[Function]}
    >
      <Connect(Component)
        tileId="1"
      />
    </styled.div>
    <styled.div
      className="tile"
      key="76"
      onClick={[Function]}
      onMouseDown={[Function]}
      onMouseMove={[Function]}
    >
      <Connect(Component)
        tileId="1"
      />
    </styled.div>
    <styled.div
      className="tile"
      key="77"
      onClick={[Function]}
      onMouseDown={[Function]}
      onMouseMove={[Function]}
    >
      <Connect(Component)
        tileId="1"
      />
    </styled.div>
    <styled.div
      className="tile"
      key="78"
      onClick={[Function]}
      onMouseDown={[Function]}
      onMouseMove={[Function]}
    >
      <Connect(Component)
        tileId="1"
      />
    </styled.div>
    <styled.div
      className="tile"
      key="79"
      onClick={[Function]}
      onMouseDown={[Function]}
      onMouseMove={[Function]}
    >
      <Connect(Component)
        tileId="1"
      />
    </styled.div>
    <styled.div
      className="tile"
      key="80"
      onClick={[Function]}
      onMouseDown={[Function]}
      onMouseMove={[Function]}
    >
      <Connect(Component)
        tileId="1"
      />
    </styled.div>
    <styled.div
      className="tile"
      key="81"
      onClick={[Function]}
      onMouseDown={[Function]}
      onMouseMove={[Function]}
    >
      <Connect(Component)
        tileId="1"
      />
    </styled.div>
    <styled.div
      className="tile"
      key="82"
      onClick={[Function]}
      onMouseDown={[Function]}
      onMouseMove={[Function]}
    >
      <Connect(Component)
        tileId="1"
      />
    </styled.div>
    <styled.div
      className="tile"
      key="83"
      onClick={[Function]}
      onMouseDown={[Function]}
      onMouseMove={[Function]}
    >
      <Connect(Component)
        tileId="1"
      />
    </styled.div>
    <styled.div
      className="tile"
      key="84"
      onClick={[Function]}
      onMouseDown={[Function]}
      onMouseMove={[Function]}
    >
      <Connect(Component)
        tileId="1"
      />
    </styled.div>
    <styled.div
      className="tile"
      key="85"
      onClick={[Function]}
      onMouseDown={[Function]}
      onMouseMove={[Function]}
    >
      <Connect(Component)
        tileId="1"
      />
    </styled.div>
    <styled.div
      className="tile"
      key="86"
      onClick={[Function]}
      onMouseDown={[Function]}
      onMouseMove={[Function]}
    >
      <Connect(Component)
        tileId="1"
      />
    </styled.div>
    <styled.div
      className="tile"
      key="87"
      onClick={[Function]}
      onMouseDown={[Function]}
      onMouseMove={[Function]}
    >
      <Connect(Component)
        tileId="1"
      />
    </styled.div>
    <styled.div
      className="tile"
      key="88"
      onClick={[Function]}
      onMouseDown={[Function]}
      onMouseMove={[Function]}
    >
      <Connect(Component)
        tileId="1"
      />
    </styled.div>
    <styled.div
      className="tile"
      key="89"
      onClick={[Function]}
      onMouseDown={[Function]}
      onMouseMove={[Function]}
    >
      <Connect(Component)
        tileId="1"
      />
    </styled.div>
    <styled.div
      className="tile"
      key="90"
      onClick={[Function]}
      onMouseDown={[Function]}
      onMouseMove={[Function]}
    >
      <Connect(Component)
        tileId="1"
      />
    </styled.div>
    <styled.div
      className="tile"
      key="91"
      onClick={[Function]}
      onMouseDown={[Function]}
      onMouseMove={[Function]}
    >
      <Connect(Component)
        tileId="1"
      />
    </styled.div>
    <styled.div
      className="tile"
      key="92"
      onClick={[Function]}
      onMouseDown={[Function]}
      onMouseMove={[Function]}
    >
      <Connect(Component)
        tileId="1"
      />
    </styled.div>
    <styled.div
      className="tile"
      key="93"
      onClick={[Function]}
      onMouseDown={[Function]}
      onMouseMove={[Function]}
    >
      <Connect(Component)
        tileId="1"
      />
    </styled.div>
    <styled.div
      className="tile"
      key="94"
      onClick={[Function]}
      onMouseDown={[Function]}
      onMouseMove={[Function]}
    >
      <Connect(Component)
        tileId="1"
      />
    </styled.div>
    <styled.div
      className="tile"
      key="95"
      onClick={[Function]}
      onMouseDown={[Function]}
      onMouseMove={[Function]}
    >
      <Connect(Component)
        tileId="1"
      />
    </styled.div>
    <styled.div
      className="tile"
      key="96"
      onClick={[Function]}
      onMouseDown={[Function]}
      onMouseMove={[Function]}
    >
      <Connect(Component)
        tileId="1"
      />
    </styled.div>
    <styled.div
      className="tile"
      key="97"
      onClick={[Function]}
      onMouseDown={[Function]}
      onMouseMove={[Function]}
    >
      <Connect(Component)
        tileId="1"
      />
    </styled.div>
    <styled.div
      className="tile"
      key="98"
      onClick={[Function]}
      onMouseDown={[Function]}
      onMouseMove={[Function]}
    >
      <Connect(Component)
        tileId="1"
      />
    </styled.div>
    <styled.div
      className="tile"
      key="99"
      onClick={[Function]}
      onMouseDown={[Function]}
      onMouseMove={[Function]}
    >
      <Connect(Component)
        tileId="1"
      />
    </styled.div>
    <Connect(Component) />
  </styled.div>
</styled.div>
`;
