// Jest Snapshot v1, https://goo.gl/fbAQLP

exports[`<TickIcon /> Matches the current snapshot 1`] = `
<svg
  height="15px"
  viewBox="0 0 24 24"
  width="15px"
>
  <path
    d="M20.285 2l-11.285 11.567-5.286-5.011-3.714 3.716 9 8.728 15-15.285z"
    fill="green"
  />
</svg>
`;
