// Jest Snapshot v1, https://goo.gl/fbAQLP

exports[`<Tile /> Matches the current snapshot 1`] = `
<styled.div
  tileId={1}
/>
`;
